{
  "auth" : {
    "bearer" : [ {
      "key" : "token",
      "value" : "{{AUTH_TOKEN}}",
      "type" : "string"
    } ],
    "type" : "bearer"
  },
  "event" : [ {
    "id" : "00000000-0000-0000-0000-000000000000",
    "script" : {
      "id" : "00000000-0000-0000-0000-000000000000",
      "type" : "application/json",
      "exec" : [ "pm.test(\"Request was successful\", function () {", "    pm.response.to.not.be.error;", "});" ]
    },
    "disabled" : false,
    "listen" : "test"
  }, {
    "id" : "00000000-0000-0000-0000-000000000000",
    "script" : {
      "id" : "00000000-0000-0000-0000-000000000000",
      "type" : "application/json",
      "exec" : [ "pm.test(\"Response is valid json\", function () {", "    // assert that the response has a valid JSON body", "    pm.response.to.be.json;", "});" ]
    },
    "disabled" : false,
    "listen" : "test"
  } ],
  "info" : {
    "description" : "# Test Product 0.0.0\n\nThis is a testing product.",
    "name" : "Test Product",
    "_postman_id" : "00000000-0000-0000-0000-000000000000",
    "schema" : "https://schema.getpostman.com/json/collection/v2.1.0/collection.json",
    "version" : "0.0.0"
  },
  "items" : [ {
    "description" : null,
    "event" : [ ],
    "variable" : [ ],
    "name" : "ImportService",
    "items" : [ {
      "description" : "**Returns:** BackingFileSystem\n\n```json\n{\n  \"fileSystemId\" : \"{{STRING}}\",\n  \"baseUri\" : \"{{STRING}}\",\n  \"configuration\" : {\n    \"{{STRING}}\" : \"{{STRING}}\"\n  }\n}\n```",
      "id" : "00000000-0000-0000-0000-000000000000",
      "name" : "testEndpoint",
      "event" : [ ],
      "variable" : [ ],
      "request" : {
        "body" : {
          "raw" : "{\n  \"string\" : \"{{STRING}}\"\n}",
          "mode" : "raw"
        },
        "description" : "**Returns:** BackingFileSystem\n\n```json\n{\n  \"fileSystemId\" : \"{{STRING}}\",\n  \"baseUri\" : \"{{STRING}}\",\n  \"configuration\" : {\n    \"{{STRING}}\" : \"{{STRING}}\"\n  }\n}\n```",
        "header" : [ {
          "description" : null,
          "disabled" : false,
          "key" : "Content-Type",
          "value" : "application/json"
        } ],
        "method" : "POST",
        "url" : {
          "raw" : "{{HOSTNAME}}:{{PORT}}/{{TEST_PRODUCT_API_BASE}}/catalog/testEndpoint",
          "host" : "{{HOSTNAME}}",
          "port" : "{{PORT}}",
          "path" : [ "{{TEST_PRODUCT_API_BASE}}", "catalog", "testEndpoint" ],
          "variable" : [ ],
          "query" : [ ]
        }
      }
    } ]
  }, {
    "description" : "A Markdown description of the service.\n",
    "event" : [ ],
    "variable" : [ ],
    "name" : "TestService",
    "items" : [ {
      "description" : "**Returns:** Dataset\n\n```json\n{\n  \"fileSystemId\" : \"{{STRING}}\",\n  \"rid\" : \"{{ResourceIdentifier}}\"\n}\n```",
      "id" : "00000000-0000-0000-0000-000000000000",
      "name" : "createDataset",
      "event" : [ ],
      "variable" : [ ],
      "request" : {
        "body" : {
          "raw" : "{\n  \"fileSystemId\" : \"{{STRING}}\",\n  \"path\" : \"{{STRING}}\"\n}",
          "mode" : "raw"
        },
        "description" : "**Returns:** Dataset\n\n```json\n{\n  \"fileSystemId\" : \"{{STRING}}\",\n  \"rid\" : \"{{ResourceIdentifier}}\"\n}\n```",
        "header" : [ {
          "description" : null,
          "disabled" : false,
          "key" : "Content-Type",
          "value" : "application/json"
        }, {
          "description" : null,
          "disabled" : false,
          "key" : "Test-Header",
          "value" : null
        } ],
        "method" : "POST",
        "url" : {
          "raw" : "{{HOSTNAME}}:{{PORT}}/{{TEST_PRODUCT_API_BASE}}/catalog/datasets",
          "host" : "{{HOSTNAME}}",
          "port" : "{{PORT}}",
          "path" : [ "{{TEST_PRODUCT_API_BASE}}", "catalog", "datasets" ],
          "variable" : [ ],
          "query" : [ ]
        }
      }
    }, {
      "description" : "**Returns:** Set<STRING>\n\n```json\n[ \"{{STRING}}\" ]\n```",
      "id" : "00000000-0000-0000-0000-000000000000",
      "name" : "getBranches",
      "event" : [ ],
      "variable" : [ ],
      "request" : {
        "body" : null,
        "description" : "**Returns:** Set<STRING>\n\n```json\n[ \"{{STRING}}\" ]\n```",
        "header" : [ {
          "description" : null,
          "disabled" : false,
          "key" : "Content-Type",
          "value" : "application/json"
        }, {
          "description" : "Optionally use this field to send the server a complement.\n",
          "disabled" : false,
          "key" : "Special-Message",
          "value" : null
        } ],
        "method" : "GET",
        "url" : {
          "raw" : "{{HOSTNAME}}:{{PORT}}/{{TEST_PRODUCT_API_BASE}}/catalog/datasets/:datasetRid/branches",
          "host" : "{{HOSTNAME}}",
          "port" : "{{PORT}}",
          "path" : [ "{{TEST_PRODUCT_API_BASE}}", "catalog", "datasets", ":datasetRid", "branches" ],
          "variable" : [ {
            "key" : "datasetRid",
            "description" : "A valid dataset resource identifier.\n"
          } ],
          "query" : [ {
            "key" : "pageSize",
            "value" : "",
            "disabled" : false
          } ]
        }
      }
    }, {
      "description" : "Gets all branches of this dataset.\n\n\n**Deprecation:** use getBranches instead\n\n**Returns:** Set<STRING>\n\n```json\n[ \"{{STRING}}\" ]\n```",
      "id" : "00000000-0000-0000-0000-000000000000",
      "name" : "getBranchesDeprecated (Deprecated)",
      "event" : [ ],
      "variable" : [ ],
      "request" : {
        "body" : null,
        "description" : "Gets all branches of this dataset.\n\n\n**Deprecation:** use getBranches instead\n\n**Returns:** Set<STRING>\n\n```json\n[ \"{{STRING}}\" ]\n```",
        "header" : [ {
          "description" : null,
          "disabled" : false,
          "key" : "Content-Type",
          "value" : "application/json"
        } ],
        "method" : "GET",
        "url" : {
          "raw" : "{{HOSTNAME}}:{{PORT}}/{{TEST_PRODUCT_API_BASE}}/catalog/datasets/:datasetRid/branchesDeprecated",
          "host" : "{{HOSTNAME}}",
          "port" : "{{PORT}}",
          "path" : [ "{{TEST_PRODUCT_API_BASE}}", "catalog", "datasets", ":datasetRid", "branchesDeprecated" ],
          "variable" : [ {
            "key" : "datasetRid",
            "description" : "A valid dataset resource identifier.\n"
          } ],
          "query" : [ ]
        }
      }
    }, {
      "description" : "**Returns:** Optional<Dataset>\n\n```json\n{\n  \"fileSystemId\" : \"{{STRING}}\",\n  \"rid\" : \"{{ResourceIdentifier}}\"\n}\n```",
      "id" : "00000000-0000-0000-0000-000000000000",
      "name" : "getDataset",
      "event" : [ ],
      "variable" : [ ],
      "request" : {
        "body" : null,
        "description" : "**Returns:** Optional<Dataset>\n\n```json\n{\n  \"fileSystemId\" : \"{{STRING}}\",\n  \"rid\" : \"{{ResourceIdentifier}}\"\n}\n```",
        "header" : [ {
          "description" : null,
          "disabled" : false,
          "key" : "Content-Type",
          "value" : "application/json"
        } ],
        "method" : "GET",
        "url" : {
          "raw" : "{{HOSTNAME}}:{{PORT}}/{{TEST_PRODUCT_API_BASE}}/catalog/datasets/:datasetRid",
          "host" : "{{HOSTNAME}}",
          "port" : "{{PORT}}",
          "path" : [ "{{TEST_PRODUCT_API_BASE}}", "catalog", "datasets", ":datasetRid" ],
          "variable" : [ {
            "key" : "datasetRid",
            "description" : null
          } ],
          "query" : [ ]
        }
      }
    }, {
      "description" : "Returns a mapping from file system id to backing file system configuration.\n\n\n**Returns:** Map<STRING, BackingFileSystem>\n\n```json\n{\n  \"{{STRING}}\" : {\n    \"fileSystemId\" : \"{{STRING}}\",\n    \"baseUri\" : \"{{STRING}}\",\n    \"configuration\" : {\n      \"{{STRING}}\" : \"{{STRING}}\"\n    }\n  }\n}\n```",
      "id" : "00000000-0000-0000-0000-000000000000",
      "name" : "getFileSystems",
      "event" : [ ],
      "variable" : [ ],
      "request" : {
        "body" : null,
        "description" : "Returns a mapping from file system id to backing file system configuration.\n\n\n**Returns:** Map<STRING, BackingFileSystem>\n\n```json\n{\n  \"{{STRING}}\" : {\n    \"fileSystemId\" : \"{{STRING}}\",\n    \"baseUri\" : \"{{STRING}}\",\n    \"configuration\" : {\n      \"{{STRING}}\" : \"{{STRING}}\"\n    }\n  }\n}\n```",
        "header" : [ {
          "description" : null,
          "disabled" : false,
          "key" : "Content-Type",
          "value" : "application/json"
        } ],
        "method" : "GET",
        "url" : {
          "raw" : "{{HOSTNAME}}:{{PORT}}/{{TEST_PRODUCT_API_BASE}}/catalog/fileSystems",
          "host" : "{{HOSTNAME}}",
          "port" : "{{PORT}}",
          "path" : [ "{{TEST_PRODUCT_API_BASE}}", "catalog", "fileSystems" ],
          "variable" : [ ],
          "query" : [ ]
        }
      }
    }, {
      "description" : "**Returns:** BINARY\n\n```json\n\"{{BINARY}}\"\n```",
      "id" : "00000000-0000-0000-0000-000000000000",
      "name" : "getRawData",
      "event" : [ ],
      "variable" : [ ],
      "request" : {
        "body" : null,
        "description" : "**Returns:** BINARY\n\n```json\n\"{{BINARY}}\"\n```",
        "header" : [ {
          "description" : null,
          "disabled" : false,
          "key" : "Content-Type",
          "value" : "application/json"
        } ],
        "method" : "GET",
        "url" : {
          "raw" : "{{HOSTNAME}}:{{PORT}}/{{TEST_PRODUCT_API_BASE}}/catalog/datasets/:datasetRid/raw",
          "host" : "{{HOSTNAME}}",
          "port" : "{{PORT}}",
          "path" : [ "{{TEST_PRODUCT_API_BASE}}", "catalog", "datasets", ":datasetRid", "raw" ],
          "variable" : [ {
            "key" : "datasetRid",
            "description" : null
          } ],
          "query" : [ ]
        }
      }
    }, {
      "description" : "**Returns:** Optional<BINARY>\n\n```json\n\"{{ Optional<BINARY> }}\"\n```",
      "id" : "00000000-0000-0000-0000-000000000000",
      "name" : "maybeGetRawData",
      "event" : [ ],
      "variable" : [ ],
      "request" : {
        "body" : null,
        "description" : "**Returns:** Optional<BINARY>\n\n```json\n\"{{ Optional<BINARY> }}\"\n```",
        "header" : [ {
          "description" : null,
          "disabled" : false,
          "key" : "Content-Type",
          "value" : "application/json"
        } ],
        "method" : "GET",
        "url" : {
          "raw" : "{{HOSTNAME}}:{{PORT}}/{{TEST_PRODUCT_API_BASE}}/catalog/datasets/:datasetRid/raw-maybe",
          "host" : "{{HOSTNAME}}",
          "port" : "{{PORT}}",
          "path" : [ "{{TEST_PRODUCT_API_BASE}}", "catalog", "datasets", ":datasetRid", "raw-maybe" ],
          "variable" : [ {
            "key" : "datasetRid",
            "description" : null
          } ],
          "query" : [ ]
        }
      }
    }, {
      "description" : "**Returns:** Optional<STRING>\n\n```json\n\"{{ Optional<STRING> }}\"\n```",
      "id" : "00000000-0000-0000-0000-000000000000",
      "name" : "resolveBranch",
      "event" : [ ],
      "variable" : [ ],
      "request" : {
        "body" : null,
        "description" : "**Returns:** Optional<STRING>\n\n```json\n\"{{ Optional<STRING> }}\"\n```",
        "header" : [ {
          "description" : null,
          "disabled" : false,
          "key" : "Content-Type",
          "value" : "application/json"
        } ],
        "method" : "GET",
        "url" : {
          "raw" : "{{HOSTNAME}}:{{PORT}}/{{TEST_PRODUCT_API_BASE}}/catalog/datasets/:datasetRid/branches/:branch:.+/resolve",
          "host" : "{{HOSTNAME}}",
          "port" : "{{PORT}}",
          "path" : [ "{{TEST_PRODUCT_API_BASE}}", "catalog", "datasets", ":datasetRid", "branches", ":branch:.+", "resolve" ],
          "variable" : [ {
            "key" : "datasetRid",
            "description" : null
          }, {
            "key" : "branch",
            "description" : null
          } ],
          "query" : [ ]
        }
      }
    }, {
      "description" : "**Returns:** BOOLEAN\n\n```json\n\"{{BOOLEAN}}\"\n```",
      "id" : "00000000-0000-0000-0000-000000000000",
      "name" : "testBoolean",
      "event" : [ ],
      "variable" : [ ],
      "request" : {
        "body" : null,
        "description" : "**Returns:** BOOLEAN\n\n```json\n\"{{BOOLEAN}}\"\n```",
        "header" : [ {
          "description" : null,
          "disabled" : false,
          "key" : "Content-Type",
          "value" : "application/json"
        } ],
        "method" : "GET",
        "url" : {
          "raw" : "{{HOSTNAME}}:{{PORT}}/{{TEST_PRODUCT_API_BASE}}/catalog/boolean",
          "host" : "{{HOSTNAME}}",
          "port" : "{{PORT}}",
          "path" : [ "{{TEST_PRODUCT_API_BASE}}", "catalog", "boolean" ],
          "variable" : [ ],
          "query" : [ ]
        }
      }
    }, {
      "description" : "**Returns:** DOUBLE\n\n```json\n\"{{DOUBLE}}\"\n```",
      "id" : "00000000-0000-0000-0000-000000000000",
      "name" : "testDouble",
      "event" : [ ],
      "variable" : [ ],
      "request" : {
        "body" : null,
        "description" : "**Returns:** DOUBLE\n\n```json\n\"{{DOUBLE}}\"\n```",
        "header" : [ {
          "description" : null,
          "disabled" : false,
          "key" : "Content-Type",
          "value" : "application/json"
        } ],
        "method" : "GET",
        "url" : {
          "raw" : "{{HOSTNAME}}:{{PORT}}/{{TEST_PRODUCT_API_BASE}}/catalog/double",
          "host" : "{{HOSTNAME}}",
          "port" : "{{PORT}}",
          "path" : [ "{{TEST_PRODUCT_API_BASE}}", "catalog", "double" ],
          "variable" : [ ],
          "query" : [ ]
        }
      }
    }, {
      "description" : "**Returns:** INTEGER\n\n```json\n\"{{INTEGER}}\"\n```",
      "id" : "00000000-0000-0000-0000-000000000000",
      "name" : "testInteger",
      "event" : [ ],
      "variable" : [ ],
      "request" : {
        "body" : null,
        "description" : "**Returns:** INTEGER\n\n```json\n\"{{INTEGER}}\"\n```",
        "header" : [ {
          "description" : null,
          "disabled" : false,
          "key" : "Content-Type",
          "value" : "application/json"
        } ],
        "method" : "GET",
        "url" : {
          "raw" : "{{HOSTNAME}}:{{PORT}}/{{TEST_PRODUCT_API_BASE}}/catalog/integer",
          "host" : "{{HOSTNAME}}",
          "port" : "{{PORT}}",
          "path" : [ "{{TEST_PRODUCT_API_BASE}}", "catalog", "integer" ],
          "variable" : [ ],
          "query" : [ ]
        }
      }
    }, {
      "description" : "**Returns:** Optional<STRING>\n\n```json\n\"{{ Optional<STRING> }}\"\n```",
      "id" : "00000000-0000-0000-0000-000000000000",
      "name" : "testParam",
      "event" : [ ],
      "variable" : [ ],
      "request" : {
        "body" : null,
        "description" : "**Returns:** Optional<STRING>\n\n```json\n\"{{ Optional<STRING> }}\"\n```",
        "header" : [ {
          "description" : null,
          "disabled" : false,
          "key" : "Content-Type",
          "value" : "application/json"
        } ],
        "method" : "GET",
        "url" : {
          "raw" : "{{HOSTNAME}}:{{PORT}}/{{TEST_PRODUCT_API_BASE}}/catalog/datasets/:datasetRid/testParam",
          "host" : "{{HOSTNAME}}",
          "port" : "{{PORT}}",
          "path" : [ "{{TEST_PRODUCT_API_BASE}}", "catalog", "datasets", ":datasetRid", "testParam" ],
          "variable" : [ {
            "key" : "datasetRid",
            "description" : null
          } ],
          "query" : [ ]
        }
      }
    }, {
      "description" : "**Returns:** INTEGER\n\n```json\n\"{{INTEGER}}\"\n```",
      "id" : "00000000-0000-0000-0000-000000000000",
      "name" : "testQueryParams",
      "event" : [ ],
      "variable" : [ ],
      "request" : {
        "body" : null,
        "description" : "**Returns:** INTEGER\n\n```json\n\"{{INTEGER}}\"\n```",
        "header" : [ {
          "description" : null,
          "disabled" : false,
          "key" : "Content-Type",
          "value" : "application/json"
        } ],
        "method" : "GET",
        "url" : {
          "raw" : "{{HOSTNAME}}:{{PORT}}/{{TEST_PRODUCT_API_BASE}}/catalog/test-query-params",
          "host" : "{{HOSTNAME}}",
          "port" : "{{PORT}}",
          "path" : [ "{{TEST_PRODUCT_API_BASE}}", "catalog", "test-query-params" ],
          "variable" : [ ],
          "query" : [ {
            "key" : "something",
            "value" : "",
            "disabled" : false
          }, {
            "key" : "implicit",
            "value" : "",
            "disabled" : false
          } ]
        }
      }
    }, {
      "description" : null,
      "id" : "00000000-0000-0000-0000-000000000000",
      "name" : "uploadRawData",
      "event" : [ ],
      "variable" : [ ],
      "request" : {
        "body" : {
          "mode" : "file"
        },
        "description" : null,
        "header" : [ {
          "description" : null,
          "disabled" : false,
          "key" : "Content-Type",
          "value" : "application/json"
        } ],
        "method" : "POST",
        "url" : {
          "raw" : "{{HOSTNAME}}:{{PORT}}/{{TEST_PRODUCT_API_BASE}}/catalog/datasets/upload-raw",
          "host" : "{{HOSTNAME}}",
          "port" : "{{PORT}}",
          "path" : [ "{{TEST_PRODUCT_API_BASE}}", "catalog", "datasets", "upload-raw" ],
          "variable" : [ ],
          "query" : [ ]
        }
      }
    } ]
  } ],
  "variable" : [ {
    "description" : null,
    "id" : "00000000-0000-0000-0000-000000000000",
    "key" : "PORT",
    "name" : "PORT",
    "type" : "number",
    "value" : 443
  }, {
    "description" : null,
    "id" : "00000000-0000-0000-0000-000000000000",
    "key" : "TEST_PRODUCT_API_BASE",
    "name" : "TEST_PRODUCT_API_BASE",
    "type" : "string",
    "value" : "service-endpoint/api"
  } ]
}